// Jest Snapshot v1, https://goo.gl/fbAQLP

exports[`App Snapshots should match snapshot 1`] = `<div />`;
