// Jest Snapshot v1, https://goo.gl/fbAQLP

exports[`InfoItem Snapshots match snapshot 1`] = `
<div>
  <div
    class="MuiBox-root css-1ong228"
  />
  <div
    class="MuiBox-root css-14f46cv"
  >
    <svg
      aria-hidden="true"
      class="MuiSvgIcon-root MuiSvgIcon-fontSizeMedium css-1oazvwu-MuiSvgIcon-root"
      fill="none"
      focusable="false"
      viewBox="0 0 34 34"
      xmlns="http://www.w3.org/2000/svg"
    >
      <path
        clip-rule="evenodd"
        d="M4.25 4.25H29.75C31.3148 4.25 32.5833 5.51853 32.5833 7.08333V26.9167C32.5833 28.4815 31.3148 29.75 29.75 29.75H4.25C2.68519 29.75 1.41666 28.4815 1.41666 26.9167V7.08333C1.41666 5.51853 2.68519 4.25 4.25 4.25ZM4.25 13.6257V26.9167H29.75V13.6263L17 20.0013L4.25 13.6257ZM4.25 10.4578L17 16.8335L29.75 10.4585V7.08333H4.25V10.4578Z"
        fill="url(#paint0_linear_14_52)"
        fill-rule="evenodd"
      />
      <defs>
        <lineargradient
          gradientUnits="userSpaceOnUse"
          id="paint0_linear_14_52"
          x1="32.5833"
          x2="1.41666"
          y1="16.939"
          y2="16.939"
        >
          <stop
            stop-color="#2EF20E"
          />
          <stop
            offset="0.584338"
            stop-color="#0EF2E5"
          />
        </lineargradient>
      </defs>
    </svg>
    <h6
      class="MuiTypography-root MuiTypography-h6 css-ssm9q9-MuiTypography-root"
    >
      jhon.smith@gmail.com
    </h6>
  </div>
</div>
`;
