// Jest Snapshot v1, https://goo.gl/fbAQLP

exports[`ReactSVG Snapshot Tests should match snapshot 1`] = `
<div>
  <svg
    viewBox="-11.5 -10.23174 23 20.46348"
    xmlns="http://www.w3.org/2000/svg"
  >
    <title>
      React Logo
    </title>
    <circle
      cx="0"
      cy="0"
      fill="#61dafb"
      r="2.05"
    />
    <g
      fill="none"
      stroke="#61dafb"
      stroke-width="1"
    >
      <ellipse
        rx="11"
        ry="4.2"
      />
      <ellipse
        rx="11"
        ry="4.2"
        transform="rotate(60)"
      />
      <ellipse
        rx="11"
        ry="4.2"
        transform="rotate(120)"
      />
    </g>
  </svg>
</div>
`;
